../Src/main.c:66:5:main	8	static
../Src/main.c:84:6:idle_task	4	static
../Src/main.c:89:6:task1_handler	8	static
../Src/main.c:98:6:task2_handler	8	static
../Src/main.c:107:6:task3_handler	8	static
../Src/main.c:116:6:task4_handler	8	static
../Src/main.c:125:6:save_psp_value	16	static
../Src/main.c:130:10:get_psp_value	4	static
../Src/main.c:135:29:switch_sp_to_psp	0	static,ignoring_inline_asm
../Src/main.c:156:6:init_systick_timer	32	static
../Src/main.c:177:30:init_scheduler_stack	0	static,ignoring_inline_asm
../Src/main.c:184:6:init_task_stack	24	static
../Src/main.c:245:6:task_delay	16	static
../Src/main.c:259:6:update_global_tick_count	4	static
../Src/main.c:264:29:PendSV_Handler	0	static,ignoring_inline_asm
../Src/main.c:306:6:SysTick_Handler	8	static
../Src/main.c:317:6:schedule	16	static
../Src/main.c:324:6:unblock_tasks	16	static
../Src/main.c:340:6:update_next_task	16	static
../Src/main.c:362:6:enable_processor_faults	16	static
../Src/main.c:370:6:HardFault_Handler	8	static
../Src/main.c:376:6:MemManage_Handler	8	static
../Src/main.c:382:6:BusFault_Handler	8	static
../Src/main.c:388:6:UsageFault_Handler	8	static
