../Src/scheduler.c:17:6:save_psp_value	16	static
../Src/scheduler.c:22:10:get_psp_value	4	static
../Src/scheduler.c:27:29:switch_sp_to_psp	0	static,ignoring_inline_asm
../Src/scheduler.c:48:6:init_systick_timer	32	static
../Src/scheduler.c:69:30:init_scheduler_stack	0	static,ignoring_inline_asm
../Src/scheduler.c:76:6:init_task_stack	24	static
../Src/scheduler.c:137:6:task_delay	16	static,ignoring_inline_asm
../Src/scheduler.c:156:6:update_global_tick_count	4	static
../Src/scheduler.c:161:6:schedule	16	static
../Src/scheduler.c:168:6:unblock_tasks	16	static
../Src/scheduler.c:184:6:update_next_task	16	static
../Src/scheduler.c:206:6:enable_processor_faults	16	static
../Src/scheduler.c:214:29:PendSV_Handler	0	static,ignoring_inline_asm
../Src/scheduler.c:255:6:SysTick_Handler	8	static
../Src/scheduler.c:266:6:HardFault_Handler	8	static
../Src/scheduler.c:272:6:MemManage_Handler	8	static
../Src/scheduler.c:278:6:BusFault_Handler	8	static
../Src/scheduler.c:284:6:UsageFault_Handler	8	static
